Countdown: 3 2 1 go!
Countdown: 3 2 1 go!
Countdown: 3 2 1 go!
