1 should be 1 
1 should be 1 
2 should be 2 
0 should be 0 
